python : Error: MkDocs encountered an error parsing the configuration file: mapping values are not allowed here
所在位置 行:1 字符: 32
+ ... nts\notes"; python -m mkdocs build --config-file mkdocs_test.yml --cl ...
+                 ~~~~~~~~~~~~~~~~~~~~~~~~~~~~~~~~~~~~~~~~~~~~~~~~~~~~~~~~~
    + CategoryInfo          : NotSpecified: (Error: MkDocs e...ot allowed here:String) [], RemoteException
    + FullyQualifiedErrorId : NativeCommandError
 
  in "mkdocs_test.yml", line 2, column 80
